../Core/Src/main.c:86:6:QMC5883L_Init	24	static
../Core/Src/main.c:97:6:QMC5883L_Read	56	static
../Core/Src/main.c:111:6:Calibrate_Sensor	88	static
../Core/Src/main.c:142:6:moveforward	8	static
../Core/Src/main.c:147:6:movebackward	8	static
../Core/Src/main.c:152:6:stop	8	static
../Core/Src/main.c:158:6:Motor_SetSpeed	24	static
../Core/Src/main.c:168:6:ProportionalControl	32	static
../Core/Src/main.c:185:6:loop	96	static
../Core/Src/main.c:206:5:main	96	static
../Core/Src/main.c:276:6:SystemClock_Config	88	static
../Core/Src/main.c:322:13:MX_ADC1_Init	24	static
../Core/Src/main.c:374:13:MX_I2C2_Init	8	static
../Core/Src/main.c:408:13:MX_TIM2_Init	64	static
../Core/Src/main.c:477:13:MX_USART1_UART_Init	8	static
../Core/Src/main.c:510:13:MX_GPIO_Init	40	static
../Core/Src/main.c:536:6:HAL_UART_RxCpltCallback	16	static
../Core/Src/main.c:568:6:Error_Handler	4	static,ignoring_inline_asm
