../Core/Src/main.c:80:6:QMC5883L_Init	24	static
../Core/Src/main.c:91:6:QMC5883L_Read_SendB	56	static
../Core/Src/main.c:120:6:Calibrate_Sensor	24	static
../Core/Src/main.c:142:6:moveforward	8	static
../Core/Src/main.c:147:6:movebackward	8	static
../Core/Src/main.c:154:6:Motor_SetSpeed	24	static
../Core/Src/main.c:164:6:loop	8	static
../Core/Src/main.c:176:5:main	8	static
../Core/Src/main.c:231:6:SystemClock_Config	88	static
../Core/Src/main.c:277:13:MX_ADC1_Init	24	static
../Core/Src/main.c:329:13:MX_I2C2_Init	8	static
../Core/Src/main.c:363:13:MX_TIM2_Init	64	static
../Core/Src/main.c:427:13:MX_USART1_UART_Init	8	static
../Core/Src/main.c:460:13:MX_GPIO_Init	40	static
../Core/Src/main.c:486:6:HAL_UART_RxCpltCallback	16	static
../Core/Src/main.c:547:6:Error_Handler	4	static,ignoring_inline_asm
