../Core/Src/main.c:71:6:MPU6050_Init	32	static
../Core/Src/main.c:87:6:MPU6050_ReadAccel	40	static
../Core/Src/main.c:99:6:MPU6050_ReadGyro	40	static
../Core/Src/main.c:111:6:CalibrateGyro	184	static
../Core/Src/main.c:137:6:Send_Data_USB	16	static
../Core/Src/main.c:146:5:main	232	static
../Core/Src/main.c:220:6:SystemClock_Config	88	static
../Core/Src/main.c:266:13:MX_I2C1_Init	8	static
../Core/Src/main.c:300:13:MX_GPIO_Init	48	static
../Core/Src/main.c:334:6:Error_Handler	4	static,ignoring_inline_asm
