../Core/Src/main.c:105:6:QMC5883L_Init	24	static
../Core/Src/main.c:116:6:QMC5883L_Read	56	static
../Core/Src/main.c:130:6:Calibrate_Sensor	88	static
../Core/Src/main.c:158:6:Motor_forward	8	static
../Core/Src/main.c:162:6:Motor_backward	8	static
../Core/Src/main.c:166:6:stop	8	static
../Core/Src/main.c:172:6:Motor_SetSpeed	24	static
../Core/Src/main.c:182:7:getElapsedTime	16	static
../Core/Src/main.c:190:6:PIControl	32	static
../Core/Src/main.c:219:5:main	120	static
../Core/Src/main.c:332:6:SystemClock_Config	88	static
../Core/Src/main.c:378:13:MX_I2C2_Init	8	static
../Core/Src/main.c:412:13:MX_TIM2_Init	64	static
../Core/Src/main.c:476:13:MX_TIM3_Init	56	static
../Core/Src/main.c:525:13:MX_USART1_UART_Init	8	static
../Core/Src/main.c:558:13:MX_GPIO_Init	48	static
../Core/Src/main.c:605:6:HAL_UART_RxCpltCallback	16	static
../Core/Src/main.c:674:6:Error_Handler	4	static,ignoring_inline_asm
