../Core/Src/main.c:104:6:QMC5883L_Init	24	static
../Core/Src/main.c:115:6:QMC5883L_Read	56	static
../Core/Src/main.c:129:6:Calibrate_Sensor	88	static
../Core/Src/main.c:157:6:Motor_forward	8	static
../Core/Src/main.c:161:6:Motor_backward	8	static
../Core/Src/main.c:165:6:stop	8	static
../Core/Src/main.c:171:6:Motor_SetSpeed	24	static
../Core/Src/main.c:181:7:getElapsedTime	16	static
../Core/Src/main.c:190:6:PIControl	32	static
../Core/Src/main.c:215:6:PIControlVelocidad	32	static
../Core/Src/main.c:238:5:main	112	static
../Core/Src/main.c:373:6:SystemClock_Config	88	static
../Core/Src/main.c:419:13:MX_I2C2_Init	8	static
../Core/Src/main.c:453:13:MX_TIM2_Init	64	static
../Core/Src/main.c:517:13:MX_TIM3_Init	56	static
../Core/Src/main.c:566:13:MX_USART1_UART_Init	8	static
../Core/Src/main.c:599:13:MX_GPIO_Init	48	static
../Core/Src/main.c:646:6:HAL_UART_RxCpltCallback	16	static
../Core/Src/main.c:715:6:Error_Handler	4	static,ignoring_inline_asm
