19:59:16 **** Incremental Build of configuration Debug for project Encoder ****
make -j20 all 
arm-none-eabi-gcc "../Core/Src/main.c" -mcpu=cortex-m4 -std=gnu11 -g3 -DDEBUG -DUSE_HAL_DRIVER -DSTM32F411xE -c -I../Core/Inc -I../Drivers/STM32F4xx_HAL_Driver/Inc -I../Drivers/STM32F4xx_HAL_Driver/Inc/Legacy -I../Drivers/CMSIS/Device/ST/STM32F4xx/Include -I../Drivers/CMSIS/Include -I../USB_DEVICE/App -I../USB_DEVICE/Target -I../Middlewares/ST/STM32_USB_Device_Library/Core/Inc -I../Middlewares/ST/STM32_USB_Device_Library/Class/CDC/Inc -O0 -ffunction-sections -fdata-sections -Wall -fstack-usage -fcyclomatic-complexity -MMD -MP -MF"Core/Src/main.d" -MT"Core/Src/main.o" --specs=nano.specs -mfpu=fpv4-sp-d16 -mfloat-abi=hard -mthumb -o "Core/Src/main.o"
arm-none-eabi-gcc -o "Encoder.elf" @"objects.list"   -mcpu=cortex-m4 -T"C:\Users\Genar\STM32CubeIDE\workspace_1.16.1\Encoder\STM32F411CEUX_FLASH.ld" --specs=nosys.specs -Wl,-Map="Encoder.map" -Wl,--gc-sections -static --specs=nano.specs -mfpu=fpv4-sp-d16 -mfloat-abi=hard -mthumb -u _printf_float -Wl,--start-group -lc -lm -Wl,--end-group
Finished building target: Encoder.elf
 
arm-none-eabi-size  Encoder.elf 
arm-none-eabi-objdump -h -S Encoder.elf  > "Encoder.list"
arm-none-eabi-objcopy  -O ihex Encoder.elf  "Encoder.hex"
   text	   data	    bss	    dec	    hex	filename
  47744	    708	   9188	  57640	   e128	Encoder.elf
Finished building: default.size.stdout
 
Finished building: Encoder.hex
 
Finished building: Encoder.list
 
