12:38:37 **** Incremental Build of configuration Debug for project Magnetrometro ****
make -j20 all 
arm-none-eabi-gcc "../Core/Src/main.c" -mcpu=cortex-m4 -std=gnu11 -g3 -DDEBUG -DUSE_HAL_DRIVER -DSTM32F411xE -c -I../Core/Inc -I../Drivers/STM32F4xx_HAL_Driver/Inc -I../Drivers/STM32F4xx_HAL_Driver/Inc/Legacy -I../Drivers/CMSIS/Device/ST/STM32F4xx/Include -I../Drivers/CMSIS/Include -I../USB_DEVICE/App -I../USB_DEVICE/Target -I../Middlewares/ST/STM32_USB_Device_Library/Core/Inc -I../Middlewares/ST/STM32_USB_Device_Library/Class/CDC/Inc -O0 -ffunction-sections -fdata-sections -Wall -fstack-usage -fcyclomatic-complexity -MMD -MP -MF"Core/Src/main.d" -MT"Core/Src/main.o" --specs=nano.specs -mfpu=fpv4-sp-d16 -mfloat-abi=hard -mthumb -o "Core/Src/main.o"
arm-none-eabi-gcc -o "Magnetrometro.elf" @"objects.list"   -mcpu=cortex-m4 -T"C:\Users\Genar\STM32CubeIDE\workspace_1.16.1\Magnetrometro\STM32F411CEUX_FLASH.ld" --specs=nosys.specs -Wl,-Map="Magnetrometro.map" -Wl,--gc-sections -static --specs=nano.specs -mfpu=fpv4-sp-d16 -mfloat-abi=hard -mthumb -Wl,--start-group -lc -lm -Wl,--end-group
Finished building target: Magnetrometro.elf
 
arm-none-eabi-size  Magnetrometro.elf 
arm-none-eabi-objdump -h -S Magnetrometro.elf  > "Magnetrometro.list"
   text	   data	    bss	    dec	    hex	filename
  37652	    336	   9200	  47188	   b854	Magnetrometro.elf
Finished building: default.size.stdout
 
Finished building: Magnetrometro.list
 
12:38:55 **** Incremental Build of configuration Debug for project Magnetrometro ****
make -j20 all 
arm-none-eabi-size  Magnetrometro.elf 
   text	   data	    bss	    dec	    hex	filename
  37652	    336	   9200	  47188	   b854	Magnetrometro.elf
Finished building: default.size.stdout
 
