13:17:32 **** Incremental Build of configuration Debug for project HM-10 ****
make -j20 all 
arm-none-eabi-gcc "../Core/Src/main.c" -mcpu=cortex-m4 -std=gnu11 -g3 -DDEBUG -DUSE_HAL_DRIVER -DSTM32F411xE -c -I../Core/Inc -I../Drivers/STM32F4xx_HAL_Driver/Inc -I../Drivers/STM32F4xx_HAL_Driver/Inc/Legacy -I../Drivers/CMSIS/Device/ST/STM32F4xx/Include -I../Drivers/CMSIS/Include -O0 -ffunction-sections -fdata-sections -Wall -fstack-usage -fcyclomatic-complexity -MMD -MP -MF"Core/Src/main.d" -MT"Core/Src/main.o" --specs=nano.specs -mfpu=fpv4-sp-d16 -mfloat-abi=hard -mthumb -o "Core/Src/main.o"
arm-none-eabi-gcc -o "HM-10.elf" @"objects.list"   -mcpu=cortex-m4 -T"C:\Users\Genar\STM32CubeIDE\workspace_1.16.1\HM-10\STM32F411CEUX_FLASH.ld" --specs=nosys.specs -Wl,-Map="HM-10.map" -Wl,--gc-sections -static --specs=nano.specs -mfpu=fpv4-sp-d16 -mfloat-abi=hard -mthumb -Wl,--start-group -lc -lm -Wl,--end-group
Finished building target: HM-10.elf
 
arm-none-eabi-size  HM-10.elf 
arm-none-eabi-objdump -h -S HM-10.elf  > "HM-10.list"
   text	   data	    bss	    dec	    hex	filename
   9316	     12	   1716	  11044	   2b24	HM-10.elf
arm-none-eabi-objcopy  -O ihex HM-10.elf  "HM-10.hex"
Finished building: default.size.stdout
 
Finished building: HM-10.hex
 
Finished building: HM-10.list
 

13:17:33 Build Finished. 0 errors, 0 warnings. (took 1s.60ms)

